ÔÇëWARNÔÇë Unsupported engine: wanted: {"node":"20.x"} (current: {"node":"v22.18.0","pnpm":"10.20.0"})

> sellica@2.0 test D:\Journey Code\Project\lab\sellica-golang\frontend
> jest "TopNav.test.tsx"

  console.log
    TopNav imported as: function TopNav

      at log (src/__tests__/components/TopNav.test.tsx:185:11)

  console.warn
    Could not fetch avatar from Go backend: Not authenticated

    [0m [90m 427 |[39m             console[33m.[39mlog([32m'Ô£à Avatar loaded from Go backend'[39m)[33m;[39m
     [90m 428 |[39m           } [36melse[39m [36mif[39m ([33m![39mresult[33m.[39msuccess) {
    [31m[1m>[22m[39m[90m 429 |[39m             console[33m.[39mwarn([32m"Could not fetch avatar from Go backend:"[39m[33m,[39m result[33m.[39merror)[33m;[39m
     [90m     |[39m                     [31m[1m^[22m[39m
     [90m 430 |[39m           }
     [90m 431 |[39m         } [36mcatch[39m (error) {
     [90m 432 |[39m           setProfileError(error [36minstanceof[39m [33mError[39m [33m?[39m error[33m.[39mmessage [33m:[39m [32m"Failed to fetch profile"[39m)[33m;[39m[0m

      at warn (src/components/TopNav.tsx:429:21)

  console.warn
    Could not fetch avatar from Go backend: Not authenticated

    [0m [90m 427 |[39m             console[33m.[39mlog([32m'Ô£à Avatar loaded from Go backend'[39m)[33m;[39m
     [90m 428 |[39m           } [36melse[39m [36mif[39m ([33m![39mresult[33m.[39msuccess) {
    [31m[1m>[22m[39m[90m 429 |[39m             console[33m.[39mwarn([32m"Could not fetch avatar from Go backend:"[39m[33m,[39m result[33m.[39merror)[33m;[39m
     [90m     |[39m                     [31m[1m^[22m[39m
     [90m 430 |[39m           }
     [90m 431 |[39m         } [36mcatch[39m (error) {
     [90m 432 |[39m           setProfileError(error [36minstanceof[39m [33mError[39m [33m?[39m error[33m.[39mmessage [33m:[39m [32m"Failed to fetch profile"[39m)[33m;[39m[0m

      at warn (src/components/TopNav.tsx:429:21)

FAIL src/__tests__/components/TopNav.test.tsx
  TopNav Component
    3.1.2: displayUser state updates
      ├ù should update displayUser when user prop changes (57 ms)
    3.1.3: Avatar display
      ├ù should display avatar image when user has avatar_url (7 ms)
      ├ù should display initials when avatar_url is missing (17 ms)
    3.1.4: Email display
      ├ù should display user email in dropdown menu (11 ms)
      ├ù should display "User menu" fallback when email is missing (9 ms)
    3.1.5: Name display
      ├ù should display user name in dropdown menu (8 ms)
      ├ù should display email prefix when name is missing (8 ms)
    3.1.6: Fallback handling
      ├ù should display "Guest" when all display fields are missing (13 ms)
      ├ù should prioritize name over email for display (9 ms)
    3.1.7 & 3.1.8: Render validation
      ├ù should render TopNav without errors (8 ms)
      ├ù should render TopNav with null user (unauthenticated) (8 ms)
    3.1.9: Full coverage
      ├ù should handle toggle user menu (8 ms)
      ├ù should handle component with all optional fields populated (10 ms)
      ├ù should handle localStorage fallback gracefully (9 ms)
    Component Integration
      ├ù should call setUser callback when user prop changes (8 ms)

  ÔùÅ TopNav Component ÔÇ║ 3.1.2: displayUser state updates ÔÇ║ should update displayUser when user prop changes

    Element type is invalid: expected a string (for built-in components) or a class/function (for composite components) but got: undefined. You likely forgot to export your component from the file it's defined in, or you might have mixed up default and named imports.

    Check the render method of `TopNav`.

      195 |
      196 |   const renderTopNav = (user = mockUser, setUser = mockSetUser) => {
    > 197 |     return render(
          |                  ^
      198 |       <ThemeProvider attribute="class" defaultTheme="light">
      199 |         <TopNav
      200 |           user={user}

      at createFiberFromTypeAndProps (node_modules/.pnpm/react-dom@19.1.0_react@19.1.0/node_modules/react-dom/cjs/react-dom-client.development.js:4259:28)
      at createFiberFromElement (node_modules/.pnpm/react-dom@19.1.0_react@19.1.0/node_modules/react-dom/cjs/react-dom-client.development.js:4273:14)
      at createChild (node_modules/.pnpm/react-dom@19.1.0_react@19.1.0/node_modules/react-dom/cjs/react-dom-client.development.js:7297:26)
      at reconcileChildrenArray (node_modules/.pnpm/react-dom@19.1.0_react@19.1.0/node_modules/react-dom/cjs/react-dom-client.development.js:7629:25)
      at reconcileChildFibersImpl (node_modules/.pnpm/react-dom@19.1.0_react@19.1.0/node_modules/react-dom/cjs/react-dom-client.development.js:7952:30)
      at node_modules/.pnpm/react-dom@19.1.0_react@19.1.0/node_modules/react-dom/cjs/react-dom-client.development.js:8057:33
      at reconcileChildren (node_modules/.pnpm/react-dom@19.1.0_react@19.1.0/node_modules/react-dom/cjs/react-dom-client.development.js:8622:13)
      at beginWork (node_modules/.pnpm/react-dom@19.1.0_react@19.1.0/node_modules/react-dom/cjs/react-dom-client.development.js:10793:13)
      at runWithFiberInDEV (node_modules/.pnpm/react-dom@19.1.0_react@19.1.0/node_modules/react-dom/cjs/react-dom-client.development.js:1522:13)
      at performUnitOfWork (node_modules/.pnpm/react-dom@19.1.0_react@19.1.0/node_modules/react-dom/cjs/react-dom-client.development.js:15140:22)
      at workLoopSync (node_modules/.pnpm/react-dom@19.1.0_react@19.1.0/node_modules/react-dom/cjs/react-dom-client.development.js:14956:41)
      at renderRootSync (node_modules/.pnpm/react-dom@19.1.0_react@19.1.0/node_modules/react-dom/cjs/react-dom-client.development.js:14936:11)
      at performWorkOnRoot (node_modules/.pnpm/react-dom@19.1.0_react@19.1.0/node_modules/react-dom/cjs/react-dom-client.development.js:14462:44)
      at performWorkOnRootViaSchedulerTask (node_modules/.pnpm/react-dom@19.1.0_react@19.1.0/node_modules/react-dom/cjs/react-dom-client.development.js:16216:7)
      at flushActQueue (node_modules/.pnpm/react@19.1.0/node_modules/react/cjs/react.development.js:566:34)
      at process.env.NODE_ENV.exports.act (node_modules/.pnpm/react@19.1.0/node_modules/react/cjs/react.development.js:859:10)
      at node_modules/.pnpm/@testing-library+react@16.3_9900d2b9b4ba10d8542a56192043c40f/node_modules/@testing-library/react/dist/act-compat.js:47:25
      at renderRoot (node_modules/.pnpm/@testing-library+react@16.3_9900d2b9b4ba10d8542a56192043c40f/node_modules/@testing-library/react/dist/pure.js:190:26)
      at render (node_modules/.pnpm/@testing-library+react@16.3_9900d2b9b4ba10d8542a56192043c40f/node_modules/@testing-library/react/dist/pure.js:292:10)
      at renderTopNav (src/__tests__/components/TopNav.test.tsx:197:18)
      at Object.renderTopNav (src/__tests__/components/TopNav.test.tsx:216:28)

  ÔùÅ TopNav Component ÔÇ║ 3.1.3: Avatar display ÔÇ║ should display avatar image when user has avatar_url

    Element type is invalid: expected a string (for built-in components) or a class/function (for composite components) but got: undefined. You likely forgot to export your component from the file it's defined in, or you might have mixed up default and named imports.

    Check the render method of `TopNav`.

      195 |
      196 |   const renderTopNav = (user = mockUser, setUser = mockSetUser) => {
    > 197 |     return render(
          |                  ^
      198 |       <ThemeProvider attribute="class" defaultTheme="light">
      199 |         <TopNav
      200 |           user={user}

      at createFiberFromTypeAndProps (node_modules/.pnpm/react-dom@19.1.0_react@19.1.0/node_modules/react-dom/cjs/react-dom-client.development.js:4259:28)
      at createFiberFromElement (node_modules/.pnpm/react-dom@19.1.0_react@19.1.0/node_modules/react-dom/cjs/react-dom-client.development.js:4273:14)
      at createChild (node_modules/.pnpm/react-dom@19.1.0_react@19.1.0/node_modules/react-dom/cjs/react-dom-client.development.js:7297:26)
      at reconcileChildrenArray (node_modules/.pnpm/react-dom@19.1.0_react@19.1.0/node_modules/react-dom/cjs/react-dom-client.development.js:7629:25)
      at reconcileChildFibersImpl (node_modules/.pnpm/react-dom@19.1.0_react@19.1.0/node_modules/react-dom/cjs/react-dom-client.development.js:7952:30)
      at node_modules/.pnpm/react-dom@19.1.0_react@19.1.0/node_modules/react-dom/cjs/react-dom-client.development.js:8057:33
      at reconcileChildren (node_modules/.pnpm/react-dom@19.1.0_react@19.1.0/node_modules/react-dom/cjs/react-dom-client.development.js:8622:13)
      at beginWork (node_modules/.pnpm/react-dom@19.1.0_react@19.1.0/node_modules/react-dom/cjs/react-dom-client.development.js:10793:13)
      at runWithFiberInDEV (node_modules/.pnpm/react-dom@19.1.0_react@19.1.0/node_modules/react-dom/cjs/react-dom-client.development.js:1522:13)
      at performUnitOfWork (node_modules/.pnpm/react-dom@19.1.0_react@19.1.0/node_modules/react-dom/cjs/react-dom-client.development.js:15140:22)
      at workLoopSync (node_modules/.pnpm/react-dom@19.1.0_react@19.1.0/node_modules/react-dom/cjs/react-dom-client.development.js:14956:41)
      at renderRootSync (node_modules/.pnpm/react-dom@19.1.0_react@19.1.0/node_modules/react-dom/cjs/react-dom-client.development.js:14936:11)
      at performWorkOnRoot (node_modules/.pnpm/react-dom@19.1.0_react@19.1.0/node_modules/react-dom/cjs/react-dom-client.development.js:14462:44)
      at performWorkOnRootViaSchedulerTask (node_modules/.pnpm/react-dom@19.1.0_react@19.1.0/node_modules/react-dom/cjs/react-dom-client.development.js:16216:7)
      at flushActQueue (node_modules/.pnpm/react@19.1.0/node_modules/react/cjs/react.development.js:566:34)
      at process.env.NODE_ENV.exports.act (node_modules/.pnpm/react@19.1.0/node_modules/react/cjs/react.development.js:859:10)
      at node_modules/.pnpm/@testing-library+react@16.3_9900d2b9b4ba10d8542a56192043c40f/node_modules/@testing-library/react/dist/act-compat.js:47:25
      at renderRoot (node_modules/.pnpm/@testing-library+react@16.3_9900d2b9b4ba10d8542a56192043c40f/node_modules/@testing-library/react/dist/pure.js:190:26)
      at render (node_modules/.pnpm/@testing-library+react@16.3_9900d2b9b4ba10d8542a56192043c40f/node_modules/@testing-library/react/dist/pure.js:292:10)
      at renderTopNav (src/__tests__/components/TopNav.test.tsx:197:18)
      at Object.renderTopNav (src/__tests__/components/TopNav.test.tsx:249:7)

  ÔùÅ TopNav Component ÔÇ║ 3.1.3: Avatar display ÔÇ║ should display initials when avatar_url is missing

    Element type is invalid: expected a string (for built-in components) or a class/function (for composite components) but got: undefined. You likely forgot to export your component from the file it's defined in, or you might have mixed up default and named imports.

    Check the render method of `TopNav`.

      195 |
      196 |   const renderTopNav = (user = mockUser, setUser = mockSetUser) => {
    > 197 |     return render(
          |                  ^
      198 |       <ThemeProvider attribute="class" defaultTheme="light">
      199 |         <TopNav
      200 |           user={user}

      at createFiberFromTypeAndProps (node_modules/.pnpm/react-dom@19.1.0_react@19.1.0/node_modules/react-dom/cjs/react-dom-client.development.js:4259:28)
      at createFiberFromElement (node_modules/.pnpm/react-dom@19.1.0_react@19.1.0/node_modules/react-dom/cjs/react-dom-client.development.js:4273:14)
      at createChild (node_modules/.pnpm/react-dom@19.1.0_react@19.1.0/node_modules/react-dom/cjs/react-dom-client.development.js:7297:26)
      at reconcileChildrenArray (node_modules/.pnpm/react-dom@19.1.0_react@19.1.0/node_modules/react-dom/cjs/react-dom-client.development.js:7629:25)
      at reconcileChildFibersImpl (node_modules/.pnpm/react-dom@19.1.0_react@19.1.0/node_modules/react-dom/cjs/react-dom-client.development.js:7952:30)
      at node_modules/.pnpm/react-dom@19.1.0_react@19.1.0/node_modules/react-dom/cjs/react-dom-client.development.js:8057:33
      at reconcileChildren (node_modules/.pnpm/react-dom@19.1.0_react@19.1.0/node_modules/react-dom/cjs/react-dom-client.development.js:8622:13)
      at beginWork (node_modules/.pnpm/react-dom@19.1.0_react@19.1.0/node_modules/react-dom/cjs/react-dom-client.development.js:10793:13)
      at runWithFiberInDEV (node_modules/.pnpm/react-dom@19.1.0_react@19.1.0/node_modules/react-dom/cjs/react-dom-client.development.js:1522:13)
      at performUnitOfWork (node_modules/.pnpm/react-dom@19.1.0_react@19.1.0/node_modules/react-dom/cjs/react-dom-client.development.js:15140:22)
      at workLoopSync (node_modules/.pnpm/react-dom@19.1.0_react@19.1.0/node_modules/react-dom/cjs/react-dom-client.development.js:14956:41)
      at renderRootSync (node_modules/.pnpm/react-dom@19.1.0_react@19.1.0/node_modules/react-dom/cjs/react-dom-client.development.js:14936:11)
      at performWorkOnRoot (node_modules/.pnpm/react-dom@19.1.0_react@19.1.0/node_modules/react-dom/cjs/react-dom-client.development.js:14462:44)
      at performWorkOnRootViaSchedulerTask (node_modules/.pnpm/react-dom@19.1.0_react@19.1.0/node_modules/react-dom/cjs/react-dom-client.development.js:16216:7)
      at flushActQueue (node_modules/.pnpm/react@19.1.0/node_modules/react/cjs/react.development.js:566:34)
      at process.env.NODE_ENV.exports.act (node_modules/.pnpm/react@19.1.0/node_modules/react/cjs/react.development.js:859:10)
      at node_modules/.pnpm/@testing-library+react@16.3_9900d2b9b4ba10d8542a56192043c40f/node_modules/@testing-library/react/dist/act-compat.js:47:25
      at renderRoot (node_modules/.pnpm/@testing-library+react@16.3_9900d2b9b4ba10d8542a56192043c40f/node_modules/@testing-library/react/dist/pure.js:190:26)
      at render (node_modules/.pnpm/@testing-library+react@16.3_9900d2b9b4ba10d8542a56192043c40f/node_modules/@testing-library/react/dist/pure.js:292:10)
      at renderTopNav (src/__tests__/components/TopNav.test.tsx:197:18)
      at Object.renderTopNav (src/__tests__/components/TopNav.test.tsx:258:7)

  ÔùÅ TopNav Component ÔÇ║ 3.1.4: Email display ÔÇ║ should display user email in dropdown menu

    Element type is invalid: expected a string (for built-in components) or a class/function (for composite components) but got: undefined. You likely forgot to export your component from the file it's defined in, or you might have mixed up default and named imports.

    Check the render method of `TopNav`.

      195 |
      196 |   const renderTopNav = (user = mockUser, setUser = mockSetUser) => {
    > 197 |     return render(
          |                  ^
      198 |       <ThemeProvider attribute="class" defaultTheme="light">
      199 |         <TopNav
      200 |           user={user}

      at createFiberFromTypeAndProps (node_modules/.pnpm/react-dom@19.1.0_react@19.1.0/node_modules/react-dom/cjs/react-dom-client.development.js:4259:28)
      at createFiberFromElement (node_modules/.pnpm/react-dom@19.1.0_react@19.1.0/node_modules/react-dom/cjs/react-dom-client.development.js:4273:14)
      at createChild (node_modules/.pnpm/react-dom@19.1.0_react@19.1.0/node_modules/react-dom/cjs/react-dom-client.development.js:7297:26)
      at reconcileChildrenArray (node_modules/.pnpm/react-dom@19.1.0_react@19.1.0/node_modules/react-dom/cjs/react-dom-client.development.js:7629:25)
      at reconcileChildFibersImpl (node_modules/.pnpm/react-dom@19.1.0_react@19.1.0/node_modules/react-dom/cjs/react-dom-client.development.js:7952:30)
      at node_modules/.pnpm/react-dom@19.1.0_react@19.1.0/node_modules/react-dom/cjs/react-dom-client.development.js:8057:33
      at reconcileChildren (node_modules/.pnpm/react-dom@19.1.0_react@19.1.0/node_modules/react-dom/cjs/react-dom-client.development.js:8622:13)
      at beginWork (node_modules/.pnpm/react-dom@19.1.0_react@19.1.0/node_modules/react-dom/cjs/react-dom-client.development.js:10793:13)
      at runWithFiberInDEV (node_modules/.pnpm/react-dom@19.1.0_react@19.1.0/node_modules/react-dom/cjs/react-dom-client.development.js:1522:13)
      at performUnitOfWork (node_modules/.pnpm/react-dom@19.1.0_react@19.1.0/node_modules/react-dom/cjs/react-dom-client.development.js:15140:22)
      at workLoopSync (node_modules/.pnpm/react-dom@19.1.0_react@19.1.0/node_modules/react-dom/cjs/react-dom-client.development.js:14956:41)
      at renderRootSync (node_modules/.pnpm/react-dom@19.1.0_react@19.1.0/node_modules/react-dom/cjs/react-dom-client.development.js:14936:11)
      at performWorkOnRoot (node_modules/.pnpm/react-dom@19.1.0_react@19.1.0/node_modules/react-dom/cjs/react-dom-client.development.js:14462:44)
      at performWorkOnRootViaSchedulerTask (node_modules/.pnpm/react-dom@19.1.0_react@19.1.0/node_modules/react-dom/cjs/react-dom-client.development.js:16216:7)
      at flushActQueue (node_modules/.pnpm/react@19.1.0/node_modules/react/cjs/react.development.js:566:34)
      at process.env.NODE_ENV.exports.act (node_modules/.pnpm/react@19.1.0/node_modules/react/cjs/react.development.js:859:10)
      at node_modules/.pnpm/@testing-library+react@16.3_9900d2b9b4ba10d8542a56192043c40f/node_modules/@testing-library/react/dist/act-compat.js:47:25
      at renderRoot (node_modules/.pnpm/@testing-library+react@16.3_9900d2b9b4ba10d8542a56192043c40f/node_modules/@testing-library/react/dist/pure.js:190:26)
      at render (node_modules/.pnpm/@testing-library+react@16.3_9900d2b9b4ba10d8542a56192043c40f/node_modules/@testing-library/react/dist/pure.js:292:10)
      at renderTopNav (src/__tests__/components/TopNav.test.tsx:197:18)
      at Object.renderTopNav (src/__tests__/components/TopNav.test.tsx:268:7)

  ÔùÅ TopNav Component ÔÇ║ 3.1.4: Email display ÔÇ║ should display "User menu" fallback when email is missing

    Element type is invalid: expected a string (for built-in components) or a class/function (for composite components) but got: undefined. You likely forgot to export your component from the file it's defined in, or you might have mixed up default and named imports.

    Check the render method of `TopNav`.

      195 |
      196 |   const renderTopNav = (user = mockUser, setUser = mockSetUser) => {
    > 197 |     return render(
          |                  ^
      198 |       <ThemeProvider attribute="class" defaultTheme="light">
      199 |         <TopNav
      200 |           user={user}

      at createFiberFromTypeAndProps (node_modules/.pnpm/react-dom@19.1.0_react@19.1.0/node_modules/react-dom/cjs/react-dom-client.development.js:4259:28)
      at createFiberFromElement (node_modules/.pnpm/react-dom@19.1.0_react@19.1.0/node_modules/react-dom/cjs/react-dom-client.development.js:4273:14)
      at createChild (node_modules/.pnpm/react-dom@19.1.0_react@19.1.0/node_modules/react-dom/cjs/react-dom-client.development.js:7297:26)
      at reconcileChildrenArray (node_modules/.pnpm/react-dom@19.1.0_react@19.1.0/node_modules/react-dom/cjs/react-dom-client.development.js:7629:25)
      at reconcileChildFibersImpl (node_modules/.pnpm/react-dom@19.1.0_react@19.1.0/node_modules/react-dom/cjs/react-dom-client.development.js:7952:30)
      at node_modules/.pnpm/react-dom@19.1.0_react@19.1.0/node_modules/react-dom/cjs/react-dom-client.development.js:8057:33
      at reconcileChildren (node_modules/.pnpm/react-dom@19.1.0_react@19.1.0/node_modules/react-dom/cjs/react-dom-client.development.js:8622:13)
      at beginWork (node_modules/.pnpm/react-dom@19.1.0_react@19.1.0/node_modules/react-dom/cjs/react-dom-client.development.js:10793:13)
      at runWithFiberInDEV (node_modules/.pnpm/react-dom@19.1.0_react@19.1.0/node_modules/react-dom/cjs/react-dom-client.development.js:1522:13)
      at performUnitOfWork (node_modules/.pnpm/react-dom@19.1.0_react@19.1.0/node_modules/react-dom/cjs/react-dom-client.development.js:15140:22)
      at workLoopSync (node_modules/.pnpm/react-dom@19.1.0_react@19.1.0/node_modules/react-dom/cjs/react-dom-client.development.js:14956:41)
      at renderRootSync (node_modules/.pnpm/react-dom@19.1.0_react@19.1.0/node_modules/react-dom/cjs/react-dom-client.development.js:14936:11)
      at performWorkOnRoot (node_modules/.pnpm/react-dom@19.1.0_react@19.1.0/node_modules/react-dom/cjs/react-dom-client.development.js:14462:44)
      at performWorkOnRootViaSchedulerTask (node_modules/.pnpm/react-dom@19.1.0_react@19.1.0/node_modules/react-dom/cjs/react-dom-client.development.js:16216:7)
      at flushActQueue (node_modules/.pnpm/react@19.1.0/node_modules/react/cjs/react.development.js:566:34)
      at process.env.NODE_ENV.exports.act (node_modules/.pnpm/react@19.1.0/node_modules/react/cjs/react.development.js:859:10)
      at node_modules/.pnpm/@testing-library+react@16.3_9900d2b9b4ba10d8542a56192043c40f/node_modules/@testing-library/react/dist/act-compat.js:47:25
      at renderRoot (node_modules/.pnpm/@testing-library+react@16.3_9900d2b9b4ba10d8542a56192043c40f/node_modules/@testing-library/react/dist/pure.js:190:26)
      at render (node_modules/.pnpm/@testing-library+react@16.3_9900d2b9b4ba10d8542a56192043c40f/node_modules/@testing-library/react/dist/pure.js:292:10)
      at renderTopNav (src/__tests__/components/TopNav.test.tsx:197:18)
      at Object.renderTopNav (src/__tests__/components/TopNav.test.tsx:276:7)

  ÔùÅ TopNav Component ÔÇ║ 3.1.5: Name display ÔÇ║ should display user name in dropdown menu

    Element type is invalid: expected a string (for built-in components) or a class/function (for composite components) but got: undefined. You likely forgot to export your component from the file it's defined in, or you might have mixed up default and named imports.

    Check the render method of `TopNav`.

      195 |
      196 |   const renderTopNav = (user = mockUser, setUser = mockSetUser) => {
    > 197 |     return render(
          |                  ^
      198 |       <ThemeProvider attribute="class" defaultTheme="light">
      199 |         <TopNav
      200 |           user={user}

      at createFiberFromTypeAndProps (node_modules/.pnpm/react-dom@19.1.0_react@19.1.0/node_modules/react-dom/cjs/react-dom-client.development.js:4259:28)
      at createFiberFromElement (node_modules/.pnpm/react-dom@19.1.0_react@19.1.0/node_modules/react-dom/cjs/react-dom-client.development.js:4273:14)
      at createChild (node_modules/.pnpm/react-dom@19.1.0_react@19.1.0/node_modules/react-dom/cjs/react-dom-client.development.js:7297:26)
      at reconcileChildrenArray (node_modules/.pnpm/react-dom@19.1.0_react@19.1.0/node_modules/react-dom/cjs/react-dom-client.development.js:7629:25)
      at reconcileChildFibersImpl (node_modules/.pnpm/react-dom@19.1.0_react@19.1.0/node_modules/react-dom/cjs/react-dom-client.development.js:7952:30)
      at node_modules/.pnpm/react-dom@19.1.0_react@19.1.0/node_modules/react-dom/cjs/react-dom-client.development.js:8057:33
      at reconcileChildren (node_modules/.pnpm/react-dom@19.1.0_react@19.1.0/node_modules/react-dom/cjs/react-dom-client.development.js:8622:13)
      at beginWork (node_modules/.pnpm/react-dom@19.1.0_react@19.1.0/node_modules/react-dom/cjs/react-dom-client.development.js:10793:13)
      at runWithFiberInDEV (node_modules/.pnpm/react-dom@19.1.0_react@19.1.0/node_modules/react-dom/cjs/react-dom-client.development.js:1522:13)
      at performUnitOfWork (node_modules/.pnpm/react-dom@19.1.0_react@19.1.0/node_modules/react-dom/cjs/react-dom-client.development.js:15140:22)
      at workLoopSync (node_modules/.pnpm/react-dom@19.1.0_react@19.1.0/node_modules/react-dom/cjs/react-dom-client.development.js:14956:41)
      at renderRootSync (node_modules/.pnpm/react-dom@19.1.0_react@19.1.0/node_modules/react-dom/cjs/react-dom-client.development.js:14936:11)
      at performWorkOnRoot (node_modules/.pnpm/react-dom@19.1.0_react@19.1.0/node_modules/react-dom/cjs/react-dom-client.development.js:14462:44)
      at performWorkOnRootViaSchedulerTask (node_modules/.pnpm/react-dom@19.1.0_react@19.1.0/node_modules/react-dom/cjs/react-dom-client.development.js:16216:7)
      at flushActQueue (node_modules/.pnpm/react@19.1.0/node_modules/react/cjs/react.development.js:566:34)
      at process.env.NODE_ENV.exports.act (node_modules/.pnpm/react@19.1.0/node_modules/react/cjs/react.development.js:859:10)
      at node_modules/.pnpm/@testing-library+react@16.3_9900d2b9b4ba10d8542a56192043c40f/node_modules/@testing-library/react/dist/act-compat.js:47:25
      at renderRoot (node_modules/.pnpm/@testing-library+react@16.3_9900d2b9b4ba10d8542a56192043c40f/node_modules/@testing-library/react/dist/pure.js:190:26)
      at render (node_modules/.pnpm/@testing-library+react@16.3_9900d2b9b4ba10d8542a56192043c40f/node_modules/@testing-library/react/dist/pure.js:292:10)
      at renderTopNav (src/__tests__/components/TopNav.test.tsx:197:18)
      at Object.renderTopNav (src/__tests__/components/TopNav.test.tsx:286:7)

  ÔùÅ TopNav Component ÔÇ║ 3.1.5: Name display ÔÇ║ should display email prefix when name is missing

    Element type is invalid: expected a string (for built-in components) or a class/function (for composite components) but got: undefined. You likely forgot to export your component from the file it's defined in, or you might have mixed up default and named imports.

    Check the render method of `TopNav`.

      195 |
      196 |   const renderTopNav = (user = mockUser, setUser = mockSetUser) => {
    > 197 |     return render(
          |                  ^
      198 |       <ThemeProvider attribute="class" defaultTheme="light">
      199 |         <TopNav
      200 |           user={user}

      at createFiberFromTypeAndProps (node_modules/.pnpm/react-dom@19.1.0_react@19.1.0/node_modules/react-dom/cjs/react-dom-client.development.js:4259:28)
      at createFiberFromElement (node_modules/.pnpm/react-dom@19.1.0_react@19.1.0/node_modules/react-dom/cjs/react-dom-client.development.js:4273:14)
      at createChild (node_modules/.pnpm/react-dom@19.1.0_react@19.1.0/node_modules/react-dom/cjs/react-dom-client.development.js:7297:26)
      at reconcileChildrenArray (node_modules/.pnpm/react-dom@19.1.0_react@19.1.0/node_modules/react-dom/cjs/react-dom-client.development.js:7629:25)
      at reconcileChildFibersImpl (node_modules/.pnpm/react-dom@19.1.0_react@19.1.0/node_modules/react-dom/cjs/react-dom-client.development.js:7952:30)
      at node_modules/.pnpm/react-dom@19.1.0_react@19.1.0/node_modules/react-dom/cjs/react-dom-client.development.js:8057:33
      at reconcileChildren (node_modules/.pnpm/react-dom@19.1.0_react@19.1.0/node_modules/react-dom/cjs/react-dom-client.development.js:8622:13)
      at beginWork (node_modules/.pnpm/react-dom@19.1.0_react@19.1.0/node_modules/react-dom/cjs/react-dom-client.development.js:10793:13)
      at runWithFiberInDEV (node_modules/.pnpm/react-dom@19.1.0_react@19.1.0/node_modules/react-dom/cjs/react-dom-client.development.js:1522:13)
      at performUnitOfWork (node_modules/.pnpm/react-dom@19.1.0_react@19.1.0/node_modules/react-dom/cjs/react-dom-client.development.js:15140:22)
      at workLoopSync (node_modules/.pnpm/react-dom@19.1.0_react@19.1.0/node_modules/react-dom/cjs/react-dom-client.development.js:14956:41)
      at renderRootSync (node_modules/.pnpm/react-dom@19.1.0_react@19.1.0/node_modules/react-dom/cjs/react-dom-client.development.js:14936:11)
      at performWorkOnRoot (node_modules/.pnpm/react-dom@19.1.0_react@19.1.0/node_modules/react-dom/cjs/react-dom-client.development.js:14462:44)
      at performWorkOnRootViaSchedulerTask (node_modules/.pnpm/react-dom@19.1.0_react@19.1.0/node_modules/react-dom/cjs/react-dom-client.development.js:16216:7)
      at flushActQueue (node_modules/.pnpm/react@19.1.0/node_modules/react/cjs/react.development.js:566:34)
      at process.env.NODE_ENV.exports.act (node_modules/.pnpm/react@19.1.0/node_modules/react/cjs/react.development.js:859:10)
      at node_modules/.pnpm/@testing-library+react@16.3_9900d2b9b4ba10d8542a56192043c40f/node_modules/@testing-library/react/dist/act-compat.js:47:25
      at renderRoot (node_modules/.pnpm/@testing-library+react@16.3_9900d2b9b4ba10d8542a56192043c40f/node_modules/@testing-library/react/dist/pure.js:190:26)
      at render (node_modules/.pnpm/@testing-library+react@16.3_9900d2b9b4ba10d8542a56192043c40f/node_modules/@testing-library/react/dist/pure.js:292:10)
      at renderTopNav (src/__tests__/components/TopNav.test.tsx:197:18)
      at Object.renderTopNav (src/__tests__/components/TopNav.test.tsx:293:7)

  ÔùÅ TopNav Component ÔÇ║ 3.1.6: Fallback handling ÔÇ║ should display "Guest" when all display fields are missing

    Element type is invalid: expected a string (for built-in components) or a class/function (for composite components) but got: undefined. You likely forgot to export your component from the file it's defined in, or you might have mixed up default and named imports.

    Check the render method of `TopNav`.

      195 |
      196 |   const renderTopNav = (user = mockUser, setUser = mockSetUser) => {
    > 197 |     return render(
          |                  ^
      198 |       <ThemeProvider attribute="class" defaultTheme="light">
      199 |         <TopNav
      200 |           user={user}

      at createFiberFromTypeAndProps (node_modules/.pnpm/react-dom@19.1.0_react@19.1.0/node_modules/react-dom/cjs/react-dom-client.development.js:4259:28)
      at createFiberFromElement (node_modules/.pnpm/react-dom@19.1.0_react@19.1.0/node_modules/react-dom/cjs/react-dom-client.development.js:4273:14)
      at createChild (node_modules/.pnpm/react-dom@19.1.0_react@19.1.0/node_modules/react-dom/cjs/react-dom-client.development.js:7297:26)
      at reconcileChildrenArray (node_modules/.pnpm/react-dom@19.1.0_react@19.1.0/node_modules/react-dom/cjs/react-dom-client.development.js:7629:25)
      at reconcileChildFibersImpl (node_modules/.pnpm/react-dom@19.1.0_react@19.1.0/node_modules/react-dom/cjs/react-dom-client.development.js:7952:30)
      at node_modules/.pnpm/react-dom@19.1.0_react@19.1.0/node_modules/react-dom/cjs/react-dom-client.development.js:8057:33
      at reconcileChildren (node_modules/.pnpm/react-dom@19.1.0_react@19.1.0/node_modules/react-dom/cjs/react-dom-client.development.js:8622:13)
      at beginWork (node_modules/.pnpm/react-dom@19.1.0_react@19.1.0/node_modules/react-dom/cjs/react-dom-client.development.js:10793:13)
      at runWithFiberInDEV (node_modules/.pnpm/react-dom@19.1.0_react@19.1.0/node_modules/react-dom/cjs/react-dom-client.development.js:1522:13)
      at performUnitOfWork (node_modules/.pnpm/react-dom@19.1.0_react@19.1.0/node_modules/react-dom/cjs/react-dom-client.development.js:15140:22)
      at workLoopSync (node_modules/.pnpm/react-dom@19.1.0_react@19.1.0/node_modules/react-dom/cjs/react-dom-client.development.js:14956:41)
      at renderRootSync (node_modules/.pnpm/react-dom@19.1.0_react@19.1.0/node_modules/react-dom/cjs/react-dom-client.development.js:14936:11)
      at performWorkOnRoot (node_modules/.pnpm/react-dom@19.1.0_react@19.1.0/node_modules/react-dom/cjs/react-dom-client.development.js:14462:44)
      at performWorkOnRootViaSchedulerTask (node_modules/.pnpm/react-dom@19.1.0_react@19.1.0/node_modules/react-dom/cjs/react-dom-client.development.js:16216:7)
      at flushActQueue (node_modules/.pnpm/react@19.1.0/node_modules/react/cjs/react.development.js:566:34)
      at process.env.NODE_ENV.exports.act (node_modules/.pnpm/react@19.1.0/node_modules/react/cjs/react.development.js:859:10)
      at node_modules/.pnpm/@testing-library+react@16.3_9900d2b9b4ba10d8542a56192043c40f/node_modules/@testing-library/react/dist/act-compat.js:47:25
      at renderRoot (node_modules/.pnpm/@testing-library+react@16.3_9900d2b9b4ba10d8542a56192043c40f/node_modules/@testing-library/react/dist/pure.js:190:26)
      at render (node_modules/.pnpm/@testing-library+react@16.3_9900d2b9b4ba10d8542a56192043c40f/node_modules/@testing-library/react/dist/pure.js:292:10)
      at renderTopNav (src/__tests__/components/TopNav.test.tsx:197:18)
      at Object.renderTopNav (src/__tests__/components/TopNav.test.tsx:304:7)

  ÔùÅ TopNav Component ÔÇ║ 3.1.6: Fallback handling ÔÇ║ should prioritize name over email for display

    Element type is invalid: expected a string (for built-in components) or a class/function (for composite components) but got: undefined. You likely forgot to export your component from the file it's defined in, or you might have mixed up default and named imports.

    Check the render method of `TopNav`.

      195 |
      196 |   const renderTopNav = (user = mockUser, setUser = mockSetUser) => {
    > 197 |     return render(
          |                  ^
      198 |       <ThemeProvider attribute="class" defaultTheme="light">
      199 |         <TopNav
      200 |           user={user}

      at createFiberFromTypeAndProps (node_modules/.pnpm/react-dom@19.1.0_react@19.1.0/node_modules/react-dom/cjs/react-dom-client.development.js:4259:28)
      at createFiberFromElement (node_modules/.pnpm/react-dom@19.1.0_react@19.1.0/node_modules/react-dom/cjs/react-dom-client.development.js:4273:14)
      at createChild (node_modules/.pnpm/react-dom@19.1.0_react@19.1.0/node_modules/react-dom/cjs/react-dom-client.development.js:7297:26)
      at reconcileChildrenArray (node_modules/.pnpm/react-dom@19.1.0_react@19.1.0/node_modules/react-dom/cjs/react-dom-client.development.js:7629:25)
      at reconcileChildFibersImpl (node_modules/.pnpm/react-dom@19.1.0_react@19.1.0/node_modules/react-dom/cjs/react-dom-client.development.js:7952:30)
      at node_modules/.pnpm/react-dom@19.1.0_react@19.1.0/node_modules/react-dom/cjs/react-dom-client.development.js:8057:33
      at reconcileChildren (node_modules/.pnpm/react-dom@19.1.0_react@19.1.0/node_modules/react-dom/cjs/react-dom-client.development.js:8622:13)
      at beginWork (node_modules/.pnpm/react-dom@19.1.0_react@19.1.0/node_modules/react-dom/cjs/react-dom-client.development.js:10793:13)
      at runWithFiberInDEV (node_modules/.pnpm/react-dom@19.1.0_react@19.1.0/node_modules/react-dom/cjs/react-dom-client.development.js:1522:13)
      at performUnitOfWork (node_modules/.pnpm/react-dom@19.1.0_react@19.1.0/node_modules/react-dom/cjs/react-dom-client.development.js:15140:22)
      at workLoopSync (node_modules/.pnpm/react-dom@19.1.0_react@19.1.0/node_modules/react-dom/cjs/react-dom-client.development.js:14956:41)
      at renderRootSync (node_modules/.pnpm/react-dom@19.1.0_react@19.1.0/node_modules/react-dom/cjs/react-dom-client.development.js:14936:11)
      at performWorkOnRoot (node_modules/.pnpm/react-dom@19.1.0_react@19.1.0/node_modules/react-dom/cjs/react-dom-client.development.js:14462:44)
      at performWorkOnRootViaSchedulerTask (node_modules/.pnpm/react-dom@19.1.0_react@19.1.0/node_modules/react-dom/cjs/react-dom-client.development.js:16216:7)
      at flushActQueue (node_modules/.pnpm/react@19.1.0/node_modules/react/cjs/react.development.js:566:34)
      at process.env.NODE_ENV.exports.act (node_modules/.pnpm/react@19.1.0/node_modules/react/cjs/react.development.js:859:10)
      at node_modules/.pnpm/@testing-library+react@16.3_9900d2b9b4ba10d8542a56192043c40f/node_modules/@testing-library/react/dist/act-compat.js:47:25
      at renderRoot (node_modules/.pnpm/@testing-library+react@16.3_9900d2b9b4ba10d8542a56192043c40f/node_modules/@testing-library/react/dist/pure.js:190:26)
      at render (node_modules/.pnpm/@testing-library+react@16.3_9900d2b9b4ba10d8542a56192043c40f/node_modules/@testing-library/react/dist/pure.js:292:10)
      at renderTopNav (src/__tests__/components/TopNav.test.tsx:197:18)
      at Object.renderTopNav (src/__tests__/components/TopNav.test.tsx:311:7)

  ÔùÅ TopNav Component ÔÇ║ 3.1.7 & 3.1.8: Render validation ÔÇ║ should render TopNav without errors

    Element type is invalid: expected a string (for built-in components) or a class/function (for composite components) but got: undefined. You likely forgot to export your component from the file it's defined in, or you might have mixed up default and named imports.

    Check the render method of `TopNav`.

      195 |
      196 |   const renderTopNav = (user = mockUser, setUser = mockSetUser) => {
    > 197 |     return render(
          |                  ^
      198 |       <ThemeProvider attribute="class" defaultTheme="light">
      199 |         <TopNav
      200 |           user={user}

      at createFiberFromTypeAndProps (node_modules/.pnpm/react-dom@19.1.0_react@19.1.0/node_modules/react-dom/cjs/react-dom-client.development.js:4259:28)
      at createFiberFromElement (node_modules/.pnpm/react-dom@19.1.0_react@19.1.0/node_modules/react-dom/cjs/react-dom-client.development.js:4273:14)
      at createChild (node_modules/.pnpm/react-dom@19.1.0_react@19.1.0/node_modules/react-dom/cjs/react-dom-client.development.js:7297:26)
      at reconcileChildrenArray (node_modules/.pnpm/react-dom@19.1.0_react@19.1.0/node_modules/react-dom/cjs/react-dom-client.development.js:7629:25)
      at reconcileChildFibersImpl (node_modules/.pnpm/react-dom@19.1.0_react@19.1.0/node_modules/react-dom/cjs/react-dom-client.development.js:7952:30)
      at node_modules/.pnpm/react-dom@19.1.0_react@19.1.0/node_modules/react-dom/cjs/react-dom-client.development.js:8057:33
      at reconcileChildren (node_modules/.pnpm/react-dom@19.1.0_react@19.1.0/node_modules/react-dom/cjs/react-dom-client.development.js:8622:13)
      at beginWork (node_modules/.pnpm/react-dom@19.1.0_react@19.1.0/node_modules/react-dom/cjs/react-dom-client.development.js:10793:13)
      at runWithFiberInDEV (node_modules/.pnpm/react-dom@19.1.0_react@19.1.0/node_modules/react-dom/cjs/react-dom-client.development.js:1522:13)
      at performUnitOfWork (node_modules/.pnpm/react-dom@19.1.0_react@19.1.0/node_modules/react-dom/cjs/react-dom-client.development.js:15140:22)
      at workLoopSync (node_modules/.pnpm/react-dom@19.1.0_react@19.1.0/node_modules/react-dom/cjs/react-dom-client.development.js:14956:41)
      at renderRootSync (node_modules/.pnpm/react-dom@19.1.0_react@19.1.0/node_modules/react-dom/cjs/react-dom-client.development.js:14936:11)
      at performWorkOnRoot (node_modules/.pnpm/react-dom@19.1.0_react@19.1.0/node_modules/react-dom/cjs/react-dom-client.development.js:14462:44)
      at performWorkOnRootViaSchedulerTask (node_modules/.pnpm/react-dom@19.1.0_react@19.1.0/node_modules/react-dom/cjs/react-dom-client.development.js:16216:7)
      at flushActQueue (node_modules/.pnpm/react@19.1.0/node_modules/react/cjs/react.development.js:566:34)
      at process.env.NODE_ENV.exports.act (node_modules/.pnpm/react@19.1.0/node_modules/react/cjs/react.development.js:859:10)
      at node_modules/.pnpm/@testing-library+react@16.3_9900d2b9b4ba10d8542a56192043c40f/node_modules/@testing-library/react/dist/act-compat.js:47:25
      at renderRoot (node_modules/.pnpm/@testing-library+react@16.3_9900d2b9b4ba10d8542a56192043c40f/node_modules/@testing-library/react/dist/pure.js:190:26)
      at render (node_modules/.pnpm/@testing-library+react@16.3_9900d2b9b4ba10d8542a56192043c40f/node_modules/@testing-library/react/dist/pure.js:292:10)
      at renderTopNav (src/__tests__/components/TopNav.test.tsx:197:18)
      at Object.renderTopNav (src/__tests__/components/TopNav.test.tsx:321:29)

  ÔùÅ TopNav Component ÔÇ║ 3.1.7 & 3.1.8: Render validation ÔÇ║ should render TopNav with null user (unauthenticated)

    Element type is invalid: expected a string (for built-in components) or a class/function (for composite components) but got: undefined. You likely forgot to export your component from the file it's defined in, or you might have mixed up default and named imports.

    Check the render method of `TopNav`.

      195 |
      196 |   const renderTopNav = (user = mockUser, setUser = mockSetUser) => {
    > 197 |     return render(
          |                  ^
      198 |       <ThemeProvider attribute="class" defaultTheme="light">
      199 |         <TopNav
      200 |           user={user}

      at createFiberFromTypeAndProps (node_modules/.pnpm/react-dom@19.1.0_react@19.1.0/node_modules/react-dom/cjs/react-dom-client.development.js:4259:28)
      at createFiberFromElement (node_modules/.pnpm/react-dom@19.1.0_react@19.1.0/node_modules/react-dom/cjs/react-dom-client.development.js:4273:14)
      at createChild (node_modules/.pnpm/react-dom@19.1.0_react@19.1.0/node_modules/react-dom/cjs/react-dom-client.development.js:7297:26)
      at reconcileChildrenArray (node_modules/.pnpm/react-dom@19.1.0_react@19.1.0/node_modules/react-dom/cjs/react-dom-client.development.js:7629:25)
      at reconcileChildFibersImpl (node_modules/.pnpm/react-dom@19.1.0_react@19.1.0/node_modules/react-dom/cjs/react-dom-client.development.js:7952:30)
      at node_modules/.pnpm/react-dom@19.1.0_react@19.1.0/node_modules/react-dom/cjs/react-dom-client.development.js:8057:33
      at reconcileChildren (node_modules/.pnpm/react-dom@19.1.0_react@19.1.0/node_modules/react-dom/cjs/react-dom-client.development.js:8622:13)
      at beginWork (node_modules/.pnpm/react-dom@19.1.0_react@19.1.0/node_modules/react-dom/cjs/react-dom-client.development.js:10793:13)
      at runWithFiberInDEV (node_modules/.pnpm/react-dom@19.1.0_react@19.1.0/node_modules/react-dom/cjs/react-dom-client.development.js:1522:13)
      at performUnitOfWork (node_modules/.pnpm/react-dom@19.1.0_react@19.1.0/node_modules/react-dom/cjs/react-dom-client.development.js:15140:22)
      at workLoopSync (node_modules/.pnpm/react-dom@19.1.0_react@19.1.0/node_modules/react-dom/cjs/react-dom-client.development.js:14956:41)
      at renderRootSync (node_modules/.pnpm/react-dom@19.1.0_react@19.1.0/node_modules/react-dom/cjs/react-dom-client.development.js:14936:11)
      at performWorkOnRoot (node_modules/.pnpm/react-dom@19.1.0_react@19.1.0/node_modules/react-dom/cjs/react-dom-client.development.js:14462:44)
      at performWorkOnRootViaSchedulerTask (node_modules/.pnpm/react-dom@19.1.0_react@19.1.0/node_modules/react-dom/cjs/react-dom-client.development.js:16216:7)
      at flushActQueue (node_modules/.pnpm/react@19.1.0/node_modules/react/cjs/react.development.js:566:34)
      at process.env.NODE_ENV.exports.act (node_modules/.pnpm/react@19.1.0/node_modules/react/cjs/react.development.js:859:10)
      at node_modules/.pnpm/@testing-library+react@16.3_9900d2b9b4ba10d8542a56192043c40f/node_modules/@testing-library/react/dist/act-compat.js:47:25
      at renderRoot (node_modules/.pnpm/@testing-library+react@16.3_9900d2b9b4ba10d8542a56192043c40f/node_modules/@testing-library/react/dist/pure.js:190:26)
      at render (node_modules/.pnpm/@testing-library+react@16.3_9900d2b9b4ba10d8542a56192043c40f/node_modules/@testing-library/react/dist/pure.js:292:10)
      at renderTopNav (src/__tests__/components/TopNav.test.tsx:197:18)
      at Object.renderTopNav (src/__tests__/components/TopNav.test.tsx:327:29)

  ÔùÅ TopNav Component ÔÇ║ 3.1.9: Full coverage ÔÇ║ should handle toggle user menu

    Element type is invalid: expected a string (for built-in components) or a class/function (for composite components) but got: undefined. You likely forgot to export your component from the file it's defined in, or you might have mixed up default and named imports.

    Check the render method of `TopNav`.

      195 |
      196 |   const renderTopNav = (user = mockUser, setUser = mockSetUser) => {
    > 197 |     return render(
          |                  ^
      198 |       <ThemeProvider attribute="class" defaultTheme="light">
      199 |         <TopNav
      200 |           user={user}

      at createFiberFromTypeAndProps (node_modules/.pnpm/react-dom@19.1.0_react@19.1.0/node_modules/react-dom/cjs/react-dom-client.development.js:4259:28)
      at createFiberFromElement (node_modules/.pnpm/react-dom@19.1.0_react@19.1.0/node_modules/react-dom/cjs/react-dom-client.development.js:4273:14)
      at createChild (node_modules/.pnpm/react-dom@19.1.0_react@19.1.0/node_modules/react-dom/cjs/react-dom-client.development.js:7297:26)
      at reconcileChildrenArray (node_modules/.pnpm/react-dom@19.1.0_react@19.1.0/node_modules/react-dom/cjs/react-dom-client.development.js:7629:25)
      at reconcileChildFibersImpl (node_modules/.pnpm/react-dom@19.1.0_react@19.1.0/node_modules/react-dom/cjs/react-dom-client.development.js:7952:30)
      at node_modules/.pnpm/react-dom@19.1.0_react@19.1.0/node_modules/react-dom/cjs/react-dom-client.development.js:8057:33
      at reconcileChildren (node_modules/.pnpm/react-dom@19.1.0_react@19.1.0/node_modules/react-dom/cjs/react-dom-client.development.js:8622:13)
      at beginWork (node_modules/.pnpm/react-dom@19.1.0_react@19.1.0/node_modules/react-dom/cjs/react-dom-client.development.js:10793:13)
      at runWithFiberInDEV (node_modules/.pnpm/react-dom@19.1.0_react@19.1.0/node_modules/react-dom/cjs/react-dom-client.development.js:1522:13)
      at performUnitOfWork (node_modules/.pnpm/react-dom@19.1.0_react@19.1.0/node_modules/react-dom/cjs/react-dom-client.development.js:15140:22)
      at workLoopSync (node_modules/.pnpm/react-dom@19.1.0_react@19.1.0/node_modules/react-dom/cjs/react-dom-client.development.js:14956:41)
      at renderRootSync (node_modules/.pnpm/react-dom@19.1.0_react@19.1.0/node_modules/react-dom/cjs/react-dom-client.development.js:14936:11)
      at performWorkOnRoot (node_modules/.pnpm/react-dom@19.1.0_react@19.1.0/node_modules/react-dom/cjs/react-dom-client.development.js:14462:44)
      at performWorkOnRootViaSchedulerTask (node_modules/.pnpm/react-dom@19.1.0_react@19.1.0/node_modules/react-dom/cjs/react-dom-client.development.js:16216:7)
      at flushActQueue (node_modules/.pnpm/react@19.1.0/node_modules/react/cjs/react.development.js:566:34)
      at process.env.NODE_ENV.exports.act (node_modules/.pnpm/react@19.1.0/node_modules/react/cjs/react.development.js:859:10)
      at node_modules/.pnpm/@testing-library+react@16.3_9900d2b9b4ba10d8542a56192043c40f/node_modules/@testing-library/react/dist/act-compat.js:47:25
      at renderRoot (node_modules/.pnpm/@testing-library+react@16.3_9900d2b9b4ba10d8542a56192043c40f/node_modules/@testing-library/react/dist/pure.js:190:26)
      at render (node_modules/.pnpm/@testing-library+react@16.3_9900d2b9b4ba10d8542a56192043c40f/node_modules/@testing-library/react/dist/pure.js:292:10)
      at renderTopNav (src/__tests__/components/TopNav.test.tsx:197:18)
      at Object.renderTopNav (src/__tests__/components/TopNav.test.tsx:336:7)

  ÔùÅ TopNav Component ÔÇ║ 3.1.9: Full coverage ÔÇ║ should handle component with all optional fields populated

    Element type is invalid: expected a string (for built-in components) or a class/function (for composite components) but got: undefined. You likely forgot to export your component from the file it's defined in, or you might have mixed up default and named imports.

    Check the render method of `TopNav`.

      195 |
      196 |   const renderTopNav = (user = mockUser, setUser = mockSetUser) => {
    > 197 |     return render(
          |                  ^
      198 |       <ThemeProvider attribute="class" defaultTheme="light">
      199 |         <TopNav
      200 |           user={user}

      at createFiberFromTypeAndProps (node_modules/.pnpm/react-dom@19.1.0_react@19.1.0/node_modules/react-dom/cjs/react-dom-client.development.js:4259:28)
      at createFiberFromElement (node_modules/.pnpm/react-dom@19.1.0_react@19.1.0/node_modules/react-dom/cjs/react-dom-client.development.js:4273:14)
      at createChild (node_modules/.pnpm/react-dom@19.1.0_react@19.1.0/node_modules/react-dom/cjs/react-dom-client.development.js:7297:26)
      at reconcileChildrenArray (node_modules/.pnpm/react-dom@19.1.0_react@19.1.0/node_modules/react-dom/cjs/react-dom-client.development.js:7629:25)
      at reconcileChildFibersImpl (node_modules/.pnpm/react-dom@19.1.0_react@19.1.0/node_modules/react-dom/cjs/react-dom-client.development.js:7952:30)
      at node_modules/.pnpm/react-dom@19.1.0_react@19.1.0/node_modules/react-dom/cjs/react-dom-client.development.js:8057:33
      at reconcileChildren (node_modules/.pnpm/react-dom@19.1.0_react@19.1.0/node_modules/react-dom/cjs/react-dom-client.development.js:8622:13)
      at beginWork (node_modules/.pnpm/react-dom@19.1.0_react@19.1.0/node_modules/react-dom/cjs/react-dom-client.development.js:10793:13)
      at runWithFiberInDEV (node_modules/.pnpm/react-dom@19.1.0_react@19.1.0/node_modules/react-dom/cjs/react-dom-client.development.js:1522:13)
      at performUnitOfWork (node_modules/.pnpm/react-dom@19.1.0_react@19.1.0/node_modules/react-dom/cjs/react-dom-client.development.js:15140:22)
      at workLoopSync (node_modules/.pnpm/react-dom@19.1.0_react@19.1.0/node_modules/react-dom/cjs/react-dom-client.development.js:14956:41)
      at renderRootSync (node_modules/.pnpm/react-dom@19.1.0_react@19.1.0/node_modules/react-dom/cjs/react-dom-client.development.js:14936:11)
      at performWorkOnRoot (node_modules/.pnpm/react-dom@19.1.0_react@19.1.0/node_modules/react-dom/cjs/react-dom-client.development.js:14462:44)
      at performWorkOnRootViaSchedulerTask (node_modules/.pnpm/react-dom@19.1.0_react@19.1.0/node_modules/react-dom/cjs/react-dom-client.development.js:16216:7)
      at flushActQueue (node_modules/.pnpm/react@19.1.0/node_modules/react/cjs/react.development.js:566:34)
      at process.env.NODE_ENV.exports.act (node_modules/.pnpm/react@19.1.0/node_modules/react/cjs/react.development.js:859:10)
      at node_modules/.pnpm/@testing-library+react@16.3_9900d2b9b4ba10d8542a56192043c40f/node_modules/@testing-library/react/dist/act-compat.js:47:25
      at renderRoot (node_modules/.pnpm/@testing-library+react@16.3_9900d2b9b4ba10d8542a56192043c40f/node_modules/@testing-library/react/dist/pure.js:190:26)
      at render (node_modules/.pnpm/@testing-library+react@16.3_9900d2b9b4ba10d8542a56192043c40f/node_modules/@testing-library/react/dist/pure.js:292:10)
      at renderTopNav (src/__tests__/components/TopNav.test.tsx:197:18)
      at Object.renderTopNav (src/__tests__/components/TopNav.test.tsx:353:7)

  ÔùÅ TopNav Component ÔÇ║ 3.1.9: Full coverage ÔÇ║ should handle localStorage fallback gracefully

    Element type is invalid: expected a string (for built-in components) or a class/function (for composite components) but got: undefined. You likely forgot to export your component from the file it's defined in, or you might have mixed up default and named imports.

    Check the render method of `TopNav`.

      195 |
      196 |   const renderTopNav = (user = mockUser, setUser = mockSetUser) => {
    > 197 |     return render(
          |                  ^
      198 |       <ThemeProvider attribute="class" defaultTheme="light">
      199 |         <TopNav
      200 |           user={user}

      at createFiberFromTypeAndProps (node_modules/.pnpm/react-dom@19.1.0_react@19.1.0/node_modules/react-dom/cjs/react-dom-client.development.js:4259:28)
      at createFiberFromElement (node_modules/.pnpm/react-dom@19.1.0_react@19.1.0/node_modules/react-dom/cjs/react-dom-client.development.js:4273:14)
      at createChild (node_modules/.pnpm/react-dom@19.1.0_react@19.1.0/node_modules/react-dom/cjs/react-dom-client.development.js:7297:26)
      at reconcileChildrenArray (node_modules/.pnpm/react-dom@19.1.0_react@19.1.0/node_modules/react-dom/cjs/react-dom-client.development.js:7629:25)
      at reconcileChildFibersImpl (node_modules/.pnpm/react-dom@19.1.0_react@19.1.0/node_modules/react-dom/cjs/react-dom-client.development.js:7952:30)
      at node_modules/.pnpm/react-dom@19.1.0_react@19.1.0/node_modules/react-dom/cjs/react-dom-client.development.js:8057:33
      at reconcileChildren (node_modules/.pnpm/react-dom@19.1.0_react@19.1.0/node_modules/react-dom/cjs/react-dom-client.development.js:8622:13)
      at beginWork (node_modules/.pnpm/react-dom@19.1.0_react@19.1.0/node_modules/react-dom/cjs/react-dom-client.development.js:10793:13)
      at runWithFiberInDEV (node_modules/.pnpm/react-dom@19.1.0_react@19.1.0/node_modules/react-dom/cjs/react-dom-client.development.js:1522:13)
      at performUnitOfWork (node_modules/.pnpm/react-dom@19.1.0_react@19.1.0/node_modules/react-dom/cjs/react-dom-client.development.js:15140:22)
      at workLoopSync (node_modules/.pnpm/react-dom@19.1.0_react@19.1.0/node_modules/react-dom/cjs/react-dom-client.development.js:14956:41)
      at renderRootSync (node_modules/.pnpm/react-dom@19.1.0_react@19.1.0/node_modules/react-dom/cjs/react-dom-client.development.js:14936:11)
      at performWorkOnRoot (node_modules/.pnpm/react-dom@19.1.0_react@19.1.0/node_modules/react-dom/cjs/react-dom-client.development.js:14462:44)
      at performWorkOnRootViaSchedulerTask (node_modules/.pnpm/react-dom@19.1.0_react@19.1.0/node_modules/react-dom/cjs/react-dom-client.development.js:16216:7)
      at flushActQueue (node_modules/.pnpm/react@19.1.0/node_modules/react/cjs/react.development.js:566:34)
      at process.env.NODE_ENV.exports.act (node_modules/.pnpm/react@19.1.0/node_modules/react/cjs/react.development.js:859:10)
      at node_modules/.pnpm/@testing-library+react@16.3_9900d2b9b4ba10d8542a56192043c40f/node_modules/@testing-library/react/dist/act-compat.js:47:25
      at renderRoot (node_modules/.pnpm/@testing-library+react@16.3_9900d2b9b4ba10d8542a56192043c40f/node_modules/@testing-library/react/dist/pure.js:190:26)
      at render (node_modules/.pnpm/@testing-library+react@16.3_9900d2b9b4ba10d8542a56192043c40f/node_modules/@testing-library/react/dist/pure.js:292:10)
      at renderTopNav (src/__tests__/components/TopNav.test.tsx:197:18)
      at Object.renderTopNav (src/__tests__/components/TopNav.test.tsx:377:7)

  ÔùÅ TopNav Component ÔÇ║ Component Integration ÔÇ║ should call setUser callback when user prop changes

    Element type is invalid: expected a string (for built-in components) or a class/function (for composite components) but got: undefined. You likely forgot to export your component from the file it's defined in, or you might have mixed up default and named imports.

    Check the render method of `TopNav`.

      195 |
      196 |   const renderTopNav = (user = mockUser, setUser = mockSetUser) => {
    > 197 |     return render(
          |                  ^
      198 |       <ThemeProvider attribute="class" defaultTheme="light">
      199 |         <TopNav
      200 |           user={user}

      at createFiberFromTypeAndProps (node_modules/.pnpm/react-dom@19.1.0_react@19.1.0/node_modules/react-dom/cjs/react-dom-client.development.js:4259:28)
      at createFiberFromElement (node_modules/.pnpm/react-dom@19.1.0_react@19.1.0/node_modules/react-dom/cjs/react-dom-client.development.js:4273:14)
      at createChild (node_modules/.pnpm/react-dom@19.1.0_react@19.1.0/node_modules/react-dom/cjs/react-dom-client.development.js:7297:26)
      at reconcileChildrenArray (node_modules/.pnpm/react-dom@19.1.0_react@19.1.0/node_modules/react-dom/cjs/react-dom-client.development.js:7629:25)
      at reconcileChildFibersImpl (node_modules/.pnpm/react-dom@19.1.0_react@19.1.0/node_modules/react-dom/cjs/react-dom-client.development.js:7952:30)
      at node_modules/.pnpm/react-dom@19.1.0_react@19.1.0/node_modules/react-dom/cjs/react-dom-client.development.js:8057:33
      at reconcileChildren (node_modules/.pnpm/react-dom@19.1.0_react@19.1.0/node_modules/react-dom/cjs/react-dom-client.development.js:8622:13)
      at beginWork (node_modules/.pnpm/react-dom@19.1.0_react@19.1.0/node_modules/react-dom/cjs/react-dom-client.development.js:10793:13)
      at runWithFiberInDEV (node_modules/.pnpm/react-dom@19.1.0_react@19.1.0/node_modules/react-dom/cjs/react-dom-client.development.js:1522:13)
      at performUnitOfWork (node_modules/.pnpm/react-dom@19.1.0_react@19.1.0/node_modules/react-dom/cjs/react-dom-client.development.js:15140:22)
      at workLoopSync (node_modules/.pnpm/react-dom@19.1.0_react@19.1.0/node_modules/react-dom/cjs/react-dom-client.development.js:14956:41)
      at renderRootSync (node_modules/.pnpm/react-dom@19.1.0_react@19.1.0/node_modules/react-dom/cjs/react-dom-client.development.js:14936:11)
      at performWorkOnRoot (node_modules/.pnpm/react-dom@19.1.0_react@19.1.0/node_modules/react-dom/cjs/react-dom-client.development.js:14462:44)
      at performWorkOnRootViaSchedulerTask (node_modules/.pnpm/react-dom@19.1.0_react@19.1.0/node_modules/react-dom/cjs/react-dom-client.development.js:16216:7)
      at flushActQueue (node_modules/.pnpm/react@19.1.0/node_modules/react/cjs/react.development.js:566:34)
      at process.env.NODE_ENV.exports.act (node_modules/.pnpm/react@19.1.0/node_modules/react/cjs/react.development.js:859:10)
      at node_modules/.pnpm/@testing-library+react@16.3_9900d2b9b4ba10d8542a56192043c40f/node_modules/@testing-library/react/dist/act-compat.js:47:25
      at renderRoot (node_modules/.pnpm/@testing-library+react@16.3_9900d2b9b4ba10d8542a56192043c40f/node_modules/@testing-library/react/dist/pure.js:190:26)
      at render (node_modules/.pnpm/@testing-library+react@16.3_9900d2b9b4ba10d8542a56192043c40f/node_modules/@testing-library/react/dist/pure.js:292:10)
      at renderTopNav (src/__tests__/components/TopNav.test.tsx:197:18)
      at Object.renderTopNav (src/__tests__/components/TopNav.test.tsx:386:28)

Test Suites: 1 failed, 1 total
Tests:       15 failed, 15 total
Snapshots:   0 total
Time:        1.129 s
Ran all test suites matching TopNav.test.tsx.
ÔÇëELIFECYCLEÔÇë Test failed. See above for more details.
